{"name":"x","hash":"QmXyF43kkLvLryf4oudA2AYkTW8k9Fnwv8NRFnPQtpudq6","isdir":false,"isfile":false,"subnodes":[{"name":"0","hash":"QmdqDBrwWpKsGvimRPiX2qiSzcrvtejK61nX9TtRfQ3qq1","isdir":false,"isfile":false},{"name":"1","hash":"QmSYpR4Hc42zEbqHJ5CBLVFEduoWkrMjNMc7B6Luk7d56f","isdir":false,"isfile":false}]}