{"name":"x","hash":"QmdfTbBqBPQ7VNxZEYEj14VmRuZBkqFbiwReogJgS1zR1n","isdir":true,"isfile":false,"subnodes":[{"name":"y","hash":"2P1","isdir":false,"isfile":false,"subnodes":[{"name":"0","hash":"QmVkqaunyKCw4NKmWXbsGhkr5CotM8vCBKWyxsh8FGZyfr","isdir":false,"isfile":false},{"name":"1","hash":"QmZehPdFTRz976fRnGzdxPFpeNPZ6wRyfFfZUGswULrGhe","isdir":false,"isfile":false}]}]}