{"name":"testmakedir","hash":"QmSVKSs7PKfZddAJX2L6isRpoNypA9pQEHsrRamKZJeVpq","isdir":true,"isfile":false,"subnodes":[{"name":"subdir","hash":"QmdfTbBqBPQ7VNxZEYEj14VmRuZBkqFbiwReogJgS1zR1n","isdir":true,"isfile":false},{"name":"testfile","hash":"QmcqLHyUcf67GcTZgfU3zbbM6cokv3ikRtDJwv9CsY4Lr1","isdir":false,"isfile":false,"subnodes":[{"name":"0","hash":"QmdqDBrwWpKsGvimRPiX2qiSzcrvtejK61nX9TtRfQ3qq1","isdir":false,"isfile":false},{"name":"1","hash":"QmQ7ZTZwQNSDgVn2t1npQBYYLsxDJegU5zEWF7UweNrGcZ","isdir":false,"isfile":false}]}]}